main.c:76:5:_write	24	static
main.c:92:16:platform_write	48	static
main.c:97:16:platform_read	48	static
main.c:109:5:main	120	static
main.c:196:6:SystemClock_Config	96	static
main.c:241:13:MX_I2C1_Init	8	static
main.c:287:13:MX_USART2_UART_Init	8	static
main.c:322:13:MX_GPIO_Init	56	static
main.c:371:6:StartDefaultTask	16	static
main.c:397:6:StartVisualTask	32	static
main.c:427:6:StartAcceleroTask	40	static
main.c:465:6:HAL_TIM_PeriodElapsedCallback	16	static
main.c:482:6:Error_Handler	8	static,ignoring_inline_asm
